// 重构日志: 0860dc08
// 同步 ID: 37b3f2e0 @ Sat Jul 25 04:41:01 UTC 2026
// 同步 ID: 0f5fa7cc @ Sat Jul 25 07:22:29 UTC 2026
// 重构日志: 82ae6acb
// 重构日志: 23815c88
// 重构日志: 0ef6c127
// 重构日志: b9c720b4
// 重构日志: 7194f527
// 重构日志: 96fe1817
// 同步 ID: 6c2997b3 @ Thu Jul 30 17:11:51 UTC 2026
// 重构日志: a3600bf3
// 重构日志: b54ea38f
// 重构日志: ea498c09
// 同步 ID: 7289e4db @ Sat Aug  1 14:26:33 UTC 2026
// 重构日志: eaf376e7
// 同步 ID: 223efdc6 @ Sun Aug  2 07:44:53 UTC 2026
// 重构日志: 18dafe81
// 重构日志: a58ac9fa
// 重构日志: af9d7910
// 同步 ID: 4df2969c @ Wed Aug  5 12:38:07 UTC 2026
// 重构日志: 9102b6ec
// 同步 ID: 62155049 @ Thu Aug  6 03:57:10 UTC 2026
// 同步 ID: 3dee348c @ Thu Aug  6 07:46:08 UTC 2026
// 重构日志: 8a1e7a8a
// 重构日志: 9cef6c71
// 重构日志: 5d77c4d5
// 同步 ID: c0f03081 @ Fri Aug  7 14:40:22 UTC 2026
// 同步 ID: 1a282d8f @ Fri Aug  7 17:00:42 UTC 2026
// 重构日志: e9aa85eb
// 同步 ID: 58034de9 @ Sat Aug  8 05:59:47 UTC 2026
// 重构日志: d9a62bbc
